Loading required package: SummarizedExperiment
Loading required package: MatrixGenerics
Loading required package: matrixStats

Attaching package: ‘MatrixGenerics’

The following objects are masked from ‘package:matrixStats’:

    colAlls, colAnyNAs, colAnys, colAvgsPerRowSet, colCollapse,
    colCounts, colCummaxs, colCummins, colCumprods, colCumsums,
    colDiffs, colIQRDiffs, colIQRs, colLogSumExps, colMadDiffs,
    colMads, colMaxs, colMeans2, colMedians, colMins, colOrderStats,
    colProds, colQuantiles, colRanges, colRanks, colSdDiffs, colSds,
    colSums2, colTabulates, colVarDiffs, colVars, colWeightedMads,
    colWeightedMeans, colWeightedMedians, colWeightedSds,
    colWeightedVars, rowAlls, rowAnyNAs, rowAnys, rowAvgsPerColSet,
    rowCollapse, rowCounts, rowCummaxs, rowCummins, rowCumprods,
    rowCumsums, rowDiffs, rowIQRDiffs, rowIQRs, rowLogSumExps,
    rowMadDiffs, rowMads, rowMaxs, rowMeans2, rowMedians, rowMins,
    rowOrderStats, rowProds, rowQuantiles, rowRanges, rowRanks,
    rowSdDiffs, rowSds, rowSums2, rowTabulates, rowVarDiffs, rowVars,
    rowWeightedMads, rowWeightedMeans, rowWeightedMedians,
    rowWeightedSds, rowWeightedVars

Loading required package: GenomicRanges
Loading required package: stats4
Loading required package: BiocGenerics
Loading required package: generics

Attaching package: ‘generics’

The following objects are masked from ‘package:base’:

    as.difftime, as.factor, as.ordered, intersect, is.element, setdiff,
    setequal, union


Attaching package: ‘BiocGenerics’

The following objects are masked from ‘package:stats’:

    IQR, mad, sd, var, xtabs

The following objects are masked from ‘package:base’:

    anyDuplicated, aperm, append, as.data.frame, basename, cbind,
    colnames, dirname, do.call, duplicated, eval, evalq, Filter, Find,
    get, grep, grepl, is.unsorted, lapply, Map, mapply, match, mget,
    order, paste, pmax, pmax.int, pmin, pmin.int, Position, rank,
    rbind, Reduce, rownames, sapply, saveRDS, table, tapply, unique,
    unsplit, which.max, which.min

Loading required package: S4Vectors

Attaching package: ‘S4Vectors’

The following object is masked from ‘package:utils’:

    findMatches

The following objects are masked from ‘package:base’:

    expand.grid, I, unname

Loading required package: IRanges
Loading required package: Seqinfo
Loading required package: Biobase
Welcome to Bioconductor

    Vignettes contain introductory material; view with
    'browseVignettes()'. To cite Bioconductor, see
    'citation("Biobase")', and for packages 'citation("pkgname")'.


Attaching package: ‘Biobase’

The following object is masked from ‘package:MatrixGenerics’:

    rowMedians

The following objects are masked from ‘package:matrixStats’:

    anyMissing, rowMedians

2026-10-08 21:02:23.727113 caching file sra.recount_project.MD.gz.
adding rname 'http://duffel.rail.bio/recount3/human/data_sources/sra/metadata/sra.recount_project.MD.gz'

2026-10-08 21:02:26.256289 caching file gtex.recount_project.MD.gz.
adding rname 'http://duffel.rail.bio/recount3/human/data_sources/gtex/metadata/gtex.recount_project.MD.gz'

2026-10-08 21:02:28.208115 caching file tcga.recount_project.MD.gz.
adding rname 'http://duffel.rail.bio/recount3/human/data_sources/tcga/metadata/tcga.recount_project.MD.gz'

2026-10-08 21:02:31.89072 caching file ANSWER_ALS.recount_project.MD.gz.
adding rname 'http://duffel.rail.bio/recount3/human/data_sources/ANSWER_ALS/metadata/ANSWER_ALS.recount_project.MD.gz'

2026-10-08 21:02:33.833579 caching file TARGET_ALS.recount_project.MD.gz.
adding rname 'http://duffel.rail.bio/recount3/human/data_sources/TARGET_ALS/metadata/TARGET_ALS.recount_project.MD.gz'

2026-10-08 21:02:35.78264 caching file ega.recount_project.MD.gz.
adding rname 'http://duffel.rail.bio/recount3/human/data_sources/ega/metadata/ega.recount_project.MD.gz'

2026-10-08 21:02:37.559575 caching file LIBD.recount_project.MD.gz.
adding rname 'http://duffel.rail.bio/recount3/human/data_sources/LIBD/metadata/LIBD.recount_project.MD.gz'

2026-10-08 21:02:43.409894 downloading and reading the metadata.
2026-10-08 21:02:43.901868 caching file tcga.tcga.BRCA.MD.gz.
adding rname 'http://duffel.rail.bio/recount3/human/data_sources/tcga/metadata/CA/BRCA/tcga.tcga.BRCA.MD.gz'

2026-10-08 21:02:45.922432 caching file tcga.recount_project.BRCA.MD.gz.
adding rname 'http://duffel.rail.bio/recount3/human/data_sources/tcga/metadata/CA/BRCA/tcga.recount_project.BRCA.MD.gz'

2026-10-08 21:02:47.665058 caching file tcga.recount_qc.BRCA.MD.gz.
adding rname 'http://duffel.rail.bio/recount3/human/data_sources/tcga/metadata/CA/BRCA/tcga.recount_qc.BRCA.MD.gz'

2026-10-08 21:02:51.352435 caching file tcga.recount_seq_qc.BRCA.MD.gz.
adding rname 'http://duffel.rail.bio/recount3/human/data_sources/tcga/metadata/CA/BRCA/tcga.recount_seq_qc.BRCA.MD.gz'

2026-10-08 21:02:54.745567 downloading and reading the feature information.
2026-10-08 21:02:55.34567 caching file human.gene_sums.G026.gtf.gz.
adding rname 'http://duffel.rail.bio/recount3/human/annotations/gene_sums/human.gene_sums.G026.gtf.gz'

2026-10-08 21:02:57.306418 downloading and reading the counts: 1256 samples across 63856 features.
2026-10-08 21:02:57.965726 caching file tcga.gene_sums.BRCA.G026.gz.
adding rname 'http://duffel.rail.bio/recount3/human/data_sources/tcga/gene_sums/CA/BRCA/tcga.gene_sums.BRCA.G026.gz'

2026-10-08 21:03:31.587489 constructing the RangedSummarizedExperiment (rse) object.
RSE: 63856 genes x 1256 runs
Read counts: max = 19759117 | lib size = 12078452 - 176403775
After rule 3: 1232 unique aliquots
Duplicate groups after rule 3: 12 (7 with two, 5 with three)
Duplicate groups by sample type: 01=12
After rule 4: 1215 aliquots
Patients with only a metastatic tumour: 0
After rule 2: 1208 aliquots
Paired patients: 113
Duplicate groups among paired patients: 4
Final samples: 226
counts_raw: 63856 genes x 226 samples
coldata: 226 samples | 113 patients | 2 conditions
design_paired: 226 x 114
leverage: min 0.504425 | max 0.504425 | 1 / max = 1.98 samples minimum for filterByExpr(design=)
keep_design: 35584 genes
keep_group: 25836 genes
genes kept by group and not by design: 0
crosstab design x group: design only = 9748 | both = 25836 | neither = 28272
minimum CPM threshold: 0.149
Genes before filter: 63856 | after: 25836 (40.5% retained)
R/02 intermediates:
  rse            : 1333.1 MB
  counts_reads   : 647.4 MB
  counts_aliquot : 635.1 MB
converting counts to integer mode
  Note: levels of factors in the design contain characters other than
  letters, numbers, '_' and '.'. It is recommended (but not required) to use
  only letters, numbers, and delimiters '_' or '.', as these are safe characters
  for column names in R. [This is a message, not a warning or an error]
  Note: levels of factors in the design contain characters other than
  letters, numbers, '_' and '.'. It is recommended (but not required) to use
  only letters, numbers, and delimiters '_' or '.', as these are safe characters
  for column names in R. [This is a message, not a warning or an error]
gene-wise dispersion estimates
mean-dispersion relationship
  Note: levels of factors in the design contain characters other than
  letters, numbers, '_' and '.'. It is recommended (but not required) to use
  only letters, numbers, and delimiters '_' or '.', as these are safe characters
  for column names in R. [This is a message, not a warning or an error]
final dispersion estimates
7 rows did not converge in beta, labelled in mcols(object)$betaConv. Use larger maxit argument with nbinomWaldTest

Timing report
  genes         : 5000
  samples       : 226
  BLAS threads  : default
  platform      : aarch64-unknown-linux-gnu
  DESeq2        : 1.52.0

sizeFactors   elapsed      0.3 s | user      0.3 | system      0.0 | ratio 1.00
dispersions   elapsed   1112.4 s | user   4051.9 | system   4769.7 | ratio 7.93
Wald          elapsed    591.4 s | user   1964.7 | system   2724.6 | ratio 7.93
total         elapsed   1704.1 s | user   6016.9 | system   7494.3 | ratio 7.93
total         elapsed   1704.1 s
  seconds/gene  : 0.3408
  peak memory   : 2344 MB

R version 4.6.1 (2026-06-24)
Platform: aarch64-unknown-linux-gnu
Running under: Ubuntu 24.04.4 LTS

Matrix products: default
BLAS:   /usr/lib/aarch64-linux-gnu/openblas-pthread/libblas.so.3 
LAPACK: /usr/lib/aarch64-linux-gnu/openblas-pthread/libopenblasp-r0.3.26.so;  LAPACK version 3.12.0

locale:
 [1] LC_CTYPE=en_US.UTF-8       LC_NUMERIC=C              
 [3] LC_TIME=en_US.UTF-8        LC_COLLATE=en_US.UTF-8    
 [5] LC_MONETARY=en_US.UTF-8    LC_MESSAGES=en_US.UTF-8   
 [7] LC_PAPER=en_US.UTF-8       LC_NAME=C                 
 [9] LC_ADDRESS=C               LC_TELEPHONE=C            
[11] LC_MEASUREMENT=en_US.UTF-8 LC_IDENTIFICATION=C       

time zone: Etc/UTC
tzcode source: system (glibc)

attached base packages:
[1] stats4    stats     graphics  grDevices utils     datasets  methods  
[8] base     

other attached packages:
 [1] DESeq2_1.52.0               recount3_1.22.0            
 [3] SummarizedExperiment_1.42.0 Biobase_2.72.0             
 [5] GenomicRanges_1.64.0        Seqinfo_1.2.0              
 [7] IRanges_2.46.0              S4Vectors_0.50.3           
 [9] BiocGenerics_0.58.1         generics_0.1.4             
[11] MatrixGenerics_1.24.0       matrixStats_1.5.0          

loaded via a namespace (and not attached):
 [1] gtable_0.3.6             ggplot2_4.0.3            rjson_0.2.23            
 [4] httr2_1.3.0              lattice_0.22-9           vctrs_0.7.3             
 [7] tools_4.6.1              bitops_1.1-0             curl_7.1.0              
[10] parallel_4.6.1           tibble_3.3.1             RSQLite_3.53.3          
[13] blob_1.3.0               pkgconfig_2.0.3          R.oo_1.27.1             
[16] Matrix_1.7-6             data.table_1.18.6.1      RColorBrewer_1.1-3      
[19] dbplyr_2.6.0             S7_0.2.2                 cigarillo_1.2.1         
[22] lifecycle_1.0.5          farver_2.1.2             compiler_4.6.1          
[25] Rsamtools_2.28.0         Biostrings_2.80.2        statmod_1.5.2           
[28] codetools_0.2-20         RCurl_1.98-1.20          yaml_2.3.12             
[31] pillar_1.11.1            crayon_1.5.3             R.utils_2.13.0          
[34] BiocParallel_1.46.0      limma_3.68.5             DelayedArray_0.38.2     
[37] cachem_1.1.0             sessioninfo_1.2.4        abind_1.4-8             
[40] locfit_1.5-9.12          tidyselect_1.2.1         purrr_1.2.2             
[43] dplyr_1.2.1              restfulr_0.0.17          fastmap_1.2.0           
[46] grid_4.6.1               cli_3.6.6                SparseArray_1.12.3      
[49] magrittr_2.0.5           S4Arrays_1.12.1          XML_3.99-0.25           
[52] edgeR_4.10.5             withr_3.0.3              scales_1.4.0            
[55] filelock_1.0.3           bit64_4.8.6              XVector_0.52.0          
[58] httr_1.4.9               bit_4.6.0                otel_0.2.0              
[61] R.methodsS3_1.8.2        memoise_2.0.1            BiocIO_1.22.0           
[64] BiocFileCache_3.2.0      rtracklayer_1.72.0       rlang_1.3.0             
[67] Rcpp_1.1.2               glue_1.8.1               DBI_1.3.0               
[70] R6_2.6.1                 GenomicAlignments_1.48.0
